---
source: crates/cinrs-core/tests/codegen.rs
expression: "generate(r\"\n        int count_odd(int n) {\n            int seen = 0;\n            do {\n                n--;\n                if (n % 2 == 0) continue;\n                seen++;\n            } while (n > 0);\n            return seen;\n        }\n        \")"
---
mod __cinrs_unit_a2d236b1 {
    #![allow(…)]
    const _: () = { /* the data-model check */ };
    pub unsafe extern "C" fn count_odd(mut n: ::core::ffi::c_int) -> ::core::ffi::c_int {
        unsafe {
            let mut seen: ::core::ffi::c_int = 0;
            'l0: loop {
                'l0_body: {
                    n = n.wrapping_sub(1);
                    if n % 2 == 0 {
                        break 'l0_body;
                    }
                    seen = seen.wrapping_add(1);
                }
                if !(n > 0) {
                    break 'l0;
                }
            }
            return seen;
        }
    }
}
#[allow(unknown_lints, ambiguous_glob_reexports, unused_imports)]
pub use __cinrs_unit_a2d236b1::*;
