---
source: crates/cinrs-core/tests/codegen.rs
expression: "generate(r\"\n        void copy(char *to, const char *from, int count) {\n            int n = (count + 3) / 4;\n            switch (count % 4) {\n            case 0: do { *to++ = *from++;\n            case 3:      *to++ = *from++;\n            case 2:      *to++ = *from++;\n            case 1:      *to++ = *from++;\n                    } while (--n > 0);\n            }\n        }\n        \")"
---
mod __cinrs_unit_e974c52e {
    const _: () = { /* the data-model check */ };
    #[allow(…)]
    pub unsafe extern "C" fn copy(
        mut to: *mut ::core::ffi::c_char,
        mut from: *const ::core::ffi::c_char,
        mut count: ::core::ffi::c_int,
    ) {
        unsafe {
            let mut n: ::core::ffi::c_int = 0;
            let mut __cinrs_state: u32 = 0;
            'cfg: loop {
                match __cinrs_state {
                    0 => {
                        n = count.wrapping_add(3) / 4;
                        match (count % 4) {
                            0 => {
                                __cinrs_state = 2;
                            }
                            3 => {
                                __cinrs_state = 3;
                            }
                            2 => {
                                __cinrs_state = 4;
                            }
                            1 => {
                                __cinrs_state = 1;
                            }
                            _ => {
                                __cinrs_state = 5;
                            }
                        }
                        continue 'cfg;
                    }
                    1 => {
                        let __cinrs_tmp1 = ({
                            let __cinrs_tmp0 = to;
                            to = to.offset(1);
                            __cinrs_tmp0
                        });
                        (*__cinrs_tmp1) = {
                            let __cinrs_tmp3 = ({
                                let __cinrs_tmp2 = from;
                                from = from.offset(1);
                                __cinrs_tmp2
                            });
                            (*__cinrs_tmp3)
                        };
                        if ({
                            n = n.wrapping_sub(1);
                            n
                        }) > 0
                        {
                            __cinrs_state = 2;
                        } else {
                            __cinrs_state = 5;
                        }
                        continue 'cfg;
                    }
                    2 => {
                        let __cinrs_tmp5 = ({
                            let __cinrs_tmp4 = to;
                            to = to.offset(1);
                            __cinrs_tmp4
                        });
                        (*__cinrs_tmp5) = {
                            let __cinrs_tmp7 = ({
                                let __cinrs_tmp6 = from;
                                from = from.offset(1);
                                __cinrs_tmp6
                            });
                            (*__cinrs_tmp7)
                        };
                        __cinrs_state = 3;
                        continue 'cfg;
                    }
                    3 => {
                        let __cinrs_tmp9 = ({
                            let __cinrs_tmp8 = to;
                            to = to.offset(1);
                            __cinrs_tmp8
                        });
                        (*__cinrs_tmp9) = {
                            let __cinrs_tmp11 = ({
                                let __cinrs_tmp10 = from;
                                from = from.offset(1);
                                __cinrs_tmp10
                            });
                            (*__cinrs_tmp11)
                        };
                        __cinrs_state = 4;
                        continue 'cfg;
                    }
                    4 => {
                        let __cinrs_tmp13 = ({
                            let __cinrs_tmp12 = to;
                            to = to.offset(1);
                            __cinrs_tmp12
                        });
                        (*__cinrs_tmp13) = {
                            let __cinrs_tmp15 = ({
                                let __cinrs_tmp14 = from;
                                from = from.offset(1);
                                __cinrs_tmp14
                            });
                            (*__cinrs_tmp15)
                        };
                        __cinrs_state = 1;
                        continue 'cfg;
                    }
                    5 => {
                        return;
                    }
                    _ => ::core::unreachable!(),
                }
            }
        }
    }
}
#[allow(unknown_lints, ambiguous_glob_reexports, unused_imports)]
pub use __cinrs_unit_e974c52e::*;
