---
source: crates/cinrs-core/tests/codegen.rs
expression: "data_model_check(cinrs_core::TargetModel::LP64, \"int f(void) { return 0; }\")"
---
const _: () = {
    assert!(
        ::core::mem::size_of:: < ::core::ffi::c_short > () == 2,
        "cinrs: 'short' is 2 bytes in the data model this unit was translated for, and is not on this target. Translated for LP64 (x86_64-linux, signed 'char', 32-bit 'wchar_t'), chosen from the host, CINRS_TARGET being unset; set CINRS_TARGET from a build script (cargo:rustc-env=CINRS_TARGET=$TARGET) or write #pragma cinrs target."
    );
    assert!(
        ::core::mem::size_of:: < ::core::ffi::c_int > () == 4,
        "cinrs: 'int' is 4 bytes in the data model this unit was translated for, and is not on this target. Translated for LP64 (x86_64-linux, signed 'char', 32-bit 'wchar_t'), chosen from the host, CINRS_TARGET being unset; set CINRS_TARGET from a build script (cargo:rustc-env=CINRS_TARGET=$TARGET) or write #pragma cinrs target."
    );
    assert!(
        ::core::mem::size_of:: < ::core::ffi::c_long > () == 8,
        "cinrs: 'long' is 8 bytes in the data model this unit was translated for, and is not on this target. Translated for LP64 (x86_64-linux, signed 'char', 32-bit 'wchar_t'), chosen from the host, CINRS_TARGET being unset; set CINRS_TARGET from a build script (cargo:rustc-env=CINRS_TARGET=$TARGET) or write #pragma cinrs target."
    );
    assert!(
        ::core::mem::size_of:: < ::core::ffi::c_longlong > () == 8,
        "cinrs: 'long long' is 8 bytes in the data model this unit was translated for, and is not on this target. Translated for LP64 (x86_64-linux, signed 'char', 32-bit 'wchar_t'), chosen from the host, CINRS_TARGET being unset; set CINRS_TARGET from a build script (cargo:rustc-env=CINRS_TARGET=$TARGET) or write #pragma cinrs target."
    );
    assert!(
        ::core::mem::size_of:: < * const ::core::ffi::c_void > () == 8,
        "cinrs: a pointer is 8 bytes in the data model this unit was translated for, and is not on this target. Translated for LP64 (x86_64-linux, signed 'char', 32-bit 'wchar_t'), chosen from the host, CINRS_TARGET being unset; set CINRS_TARGET from a build script (cargo:rustc-env=CINRS_TARGET=$TARGET) or write #pragma cinrs target."
    );
    assert!(
        ::core::ffi::c_char::MIN != 0,
        "cinrs: plain 'char' is signed in the data model this unit was translated for, and is not on this target. Translated for LP64 (x86_64-linux, signed 'char', 32-bit 'wchar_t'), chosen from the host, CINRS_TARGET being unset; set CINRS_TARGET from a build script (cargo:rustc-env=CINRS_TARGET=$TARGET) or write #pragma cinrs target."
    );
    assert!(
        ::core::mem::align_of:: < ::core::ffi::c_longlong > () == 8 &&
        ::core::mem::align_of:: < ::core::ffi::c_double > () == 8,
        "cinrs: 'long long' and 'double' are 8-byte aligned in the data model this unit was translated for, and are not on this target — so every 'sizeof' and member offset in it would be wrong. Translated for LP64 (x86_64-linux, signed 'char', 32-bit 'wchar_t'), chosen from the host, CINRS_TARGET being unset; set CINRS_TARGET from a build script (cargo:rustc-env=CINRS_TARGET=$TARGET) or write #pragma cinrs target."
    );
};
